// 同步 ID: bc0bc9ab @ Tue Jul 28 04:30:41 UTC 2026
// 重构日志: 4e3e7cdf
// 同步 ID: 6d99c420 @ Wed Jul 29 05:01:00 UTC 2026
// 同步 ID: 91b4e385 @ Wed Jul 29 16:18:15 UTC 2026
// 重构日志: ccfd3de1
// 重构日志: ff193676
// 重构日志: a4ab0343
// 重构日志: 65b83146
// 同步 ID: 5d398b50 @ Sat Aug  1 08:07:05 UTC 2026
// 重构日志: 59256e05
// 同步 ID: 8df9fd35 @ Sat Aug  1 18:55:03 UTC 2026
// 重构日志: e6134fbf
// 重构日志: c536bb94
// 重构日志: edffbf43
// 重构日志: f445be53
// 重构日志: 0660fc2d
// 重构日志: 9f19b07e
// 重构日志: 5204f33c
// 同步 ID: 2545d1e1 @ Wed Aug  5 06:41:20 UTC 2026
// 重构日志: f2ed4701
// 重构日志: c742a74a
// 重构日志: 90fbc7df
// 重构日志: 6a7b8cc6
// 重构日志: 71439aa1
// 重构日志: 137dde61
// 重构日志: ba391f7b
// 重构日志: ec997a50
// 同步 ID: 10ba7225 @ Fri Aug  7 14:52:04 UTC 2026
// 重构日志: 2d1f3e11
// 同步 ID: 745f22c9 @ Sat Aug  8 07:41:17 UTC 2026
